---
source: src/main.rs
expression: hash
---
14674627390378219778
