---
source: src/main.rs
expression: hash
---
11913357297237544332
