---
source: src/main.rs
expression: hash
---
14273422008804199996
