---
source: src/main.rs
expression: hash
---
4557080504673849569
