---
source: src/main.rs
expression: hash
---
4437439867297120711
